,,AATAMS Receivers,,,,,,,,,,,
,Parameters,,,,,,,,,,,,
,user:,,,,Jon Burgess,,,,,,,,
,,,code name,,,status,,manufacturer,,model,serial number,,
,organisation:,,,IMOS,,,total receivers:,,4,,,,
,,,VR2W-101338,,,NEW,,Vemco,,VR2,1111r,,
,,,VR2W-101344,,,NEW,,Vemco,,VR2,4444r,,
,,,VR2W-101355,,,NEW,,Vemco,,VR2,5555r,,
,,,VR2W-103355,,,NEW,,Vemco,,VR2W,103355,,
12/10/2011 11:29,,,,,,,,,,,,Page 1 of, 1