,,[ THIS LINE WILL BE STRIPPED],,,,,,
Tag releases,,,,,,,,,,
,,total:,,,3,,,,,
,,this year:,,,3,,,,,
,,last 30 days:,,,0,,,,,
,,% embargoed:,,,66.67,,,,,
,,,,,,current releases,total releases,% embargoed,,
,,,,species,,,,,,
,,,,37010003 - Carcharodon carcharias (White Shark),,2,2,100.00,,
,,,,37441004 - Thunnus maccoyii (Southern Bluefin Tuna),,1,1,0.00,,
,31/10/2011 10:06,,,,,,,,Page 1 of, 1