,,[ THIS LINE WILL BE STRIPPED],,,,,,
,Parameters,,,,,,,,,,,,,,,,
,user:,,,,,Jon Burgess,,,,,,,,,,,
,installation:,,,,,Ningaloo Array,,,,,,,,,,,
,,,station,,code name,,latitude,longitude,deployment date,acoustic rls ID,mooring type,depth (m),,comments,,active,
,project:,,,Tuna,,,,,,,,,,,,,
,installation:,,,Ningaloo Array,,,,,,,,,,,,,
,,,Ningaloo S1,,VR2W-101338,,10.1234,10.1234,15/05/2011 12:34,asdf,CONCRETE ,5.00,,,,yes,
14/02/2012 15:12,,,,,,,,,,,,,,,Page 1 of,, 1